================================================================
Power Report
================================================================
Tool Version : Vivado v2023.1
Design       : fir_filter

----------------------------------------------------------------
Power Summary
----------------------------------------------------------------
Total On-Chip Power    : 48.32 mW

Dynamic Power          : 42.11 mW
Static Power           : 6.21 mW

----------------------------------------------------------------
Power Breakdown
----------------------------------------------------------------
Clocks                 : 6.8 mW
Logic                  : 10.5 mW
Signals                : 5.2 mW
DSP                    : 19.4 mW
IO                     : 0.2 mW

----------------------------------------------------------------
Thermal
----------------------------------------------------------------
Junction Temperature   : 27.4 °C

----------------------------------------------------------------
Notes
----------------------------------------------------------------
- DSP blocks dominate dynamic power
- Power increases with parallel architecture