================================================================
Timing Summary Report
================================================================
Tool Version : Vivado v2023.1
Design       : fir_filter

----------------------------------------------------------------
Clock Summary
----------------------------------------------------------------
Clock    Period(ns)   Frequency(MHz)
-----------------------------------
clk      5.000        200.000

----------------------------------------------------------------
Timing Results
----------------------------------------------------------------
Worst Negative Slack (WNS)  : +0.72 ns
Total Negative Slack (TNS)  : 0.00 ns

----------------------------------------------------------------
Performance
----------------------------------------------------------------
Achieved Fmax : 214 MHz

----------------------------------------------------------------
Critical Path
----------------------------------------------------------------
Input -> DSP48E1 -> Adder Tree -> Output Register

----------------------------------------------------------------
Notes
----------------------------------------------------------------
- Timing met successfully
- Pipelining reduces critical path delay