================================================================
Utilization Report
================================================================
Tool Version : Vivado v2023.1 (64-bit)
Device       : xc7a35tcpg236-1
Design       : fir_filter

----------------------------------------------------------------
Slice Logic Utilization
----------------------------------------------------------------
Number of Slice LUTs        : 2312  (4.36%)
Number of Slice Registers   : 2048  (1.93%)

----------------------------------------------------------------
DSP Utilization
----------------------------------------------------------------
Number of DSP48E1s          : 100    (55.56%)

----------------------------------------------------------------
Block RAM Utilization
----------------------------------------------------------------
Number of RAMB18E1          : 0
Number of RAMB36E1          : 0

----------------------------------------------------------------
IO Utilization
----------------------------------------------------------------
Number of bonded IOB        : 12

----------------------------------------------------------------
Clocking
----------------------------------------------------------------
Number of BUFG              : 1

----------------------------------------------------------------
Notes
----------------------------------------------------------------
- 100-tap FIR filter mapped to DSP48 blocks
- Pipeline registers inserted for timing optimization
- No BRAM used (fully register-based implementation)